PS C:\Users\Univalle\Documents\trabajoMTD> git version //escrito
git version 2.40.1.windows.1
/////para ver si esta instalada git

PS C:\Users\Univalle\Documents\trabajoMTD> git init //escrito
Initialized empty Git repository in C:/Users/Univalle/Documents/trabajoMTD/.git/
////inicializa repositorio -- documentos en u, esto solo lo hacemos solo una vez

PS C:\Users\Univalle\Documents\trabajoMTD> git config user.name "sharon bejarano"
PS C:\Users\Univalle\Documents\trabajoMTD> git config user.email "sharon.bejarano@correounivalle.edu.co"
////agregando credenciales, solo es necesario una sola vez, 
¡estos apareceran cuando compartas el link de la página por ello elegir un nombre adecuado! 

PS C:\Users\Univalle\Documents\trabajoMTD> git add .
////agrego todos los archivos al area temporal


PS C:\Users\Univalle\Documents\trabajoMTD> git add "nombre"
////agrego un archivo especifico al area temporal

PS C:\Users\Univalle\Documents\trabajoMTD> git commit -m "se agrega version0.0" //escrito
[master (root-commit) ee4eb26] se agrega version0.0
 3 files changed, 13 insertions(+)
 create mode 100644 estilo.css
 create mode 100644 logica.js
 create mode 100644 visula.html
//// guardar en remoto


((ise un cambio en un archivo))
PS C:\Users\Univalle\Documents\trabajoMTD> git add . //escrito
PS C:\Users\Univalle\Documents\trabajoMTD> git commit -m "se agrega linea en logica" //escrito
[master ff841db] se agrega linea en logica
 1 file changed, 2 insertions(+), 1 deletion(-)

PS C:\Users\Univalle\Documents\trabajoMTD> git reset --hard ee4eb26 //escrito
HEAD is now at ee4eb26 se agrega version0.0
////me muevo a otra version en este caso  el anterior

PS C:\Users\Univalle\Documents\trabajoMTD> git log --oneline       
ee4eb26 (HEAD -> master) se agrega version0.0
////desaparece la version"futura" por donde nos ubicamos pero es a version sigue por ahi.


----

encontraremos muchos repositorios pero estos necesitan siempre git

github gitlab bitbucket

usamos github creamos una cuenta y luego de crear un repositorio copiamos y pegamos en visual studio code "de a una linea cada git no todo a la vez" 

git remote add origin https://github.com/norash0/MDS2024.git
git branch -M main
git push -u origin main

recargas github y se enlaza nuestro repositorio local con el remoto

en archivo visual agregamos despues de la linea <body>

<h1>Agregar cambio en remoto</h1>


